Odinets Nikita Sergeevich
Odinets Nikita Sergeevich
Odinets Nikita Sergeevich
